AETHER M3 design points  run=M3-DP-20260920T1610Z  level=medium  OpenFOAM=v2512  planned=58  skipped_invalid=40
mesh-check subset: dp003 dp013 dp015 dp017 dp019 dp027 dp030 dp040
[  1/8] dp013 M=20.00 USABLE     cd_fore=1.31734 wall=1178s attempts=1 
[  2/8] dp017 M=20.00 USABLE     cd_fore=0.89211 wall=1758s attempts=1 
[  3/8] dp015 M=20.00 USABLE     cd_fore=1.36467 wall=2196s attempts=1 
[  4/8] dp027 M=6.14 USABLE     cd_fore=1.34325 wall=940s attempts=1 
[  5/8] dp003 M=20.00 REJECTED   cd_fore=0.35493 wall=2774s attempts=1 force criterion not met (p2p 0.0012061486752002004, drift 1.8060055410283783e-05) after 3 extensions
[  6/8] dp040 M=4.53 USABLE     cd_fore=1.36623 wall=745s attempts=1 
[  7/8] dp019 M=20.00 REJECTED   cd_fore=0.88389 wall=2266s attempts=1 force criterion not met (p2p 0.0011847165612865014, drift 4.226574656315423e-06) after 3 extensions
[  8/8] dp030 M=7.96 USABLE     cd_fore=0.71574 wall=1502s attempts=1 
{
  "run_id": "M3-DP-20260920T1610Z",
  "mesh_level": "medium",
  "subset": "mesh-check",
  "gate_G4_status_at_build": "IN_PROGRESS",
  "openfoam_version": "v2512",
  "n_planned": 58,
  "n_skipped_invalid_geometry": 40,
  "n_run": 8,
  "verdicts": {
    "USABLE": 6,
    "REJECTED": 2
  },
  "driver_wall_time_s_this_invocation": 3757.229466334,
  "sum_case_wall_time_s": 13586.637690426927,
  "max_concurrent_cases": 4,
  "scale_check": {
    "performed": false,
    "tolerance": 0.002
  }
}
