**
(AETHER_paper.tex
LaTeX2e <2021-11-15> patch level 1
L3 programming layer <2022-02-24> (article.cls
Document Class: article 2021/10/04 v1.4n Standard LaTeX document class
(size11.clo
File: size11.clo 2021/10/04 v1.4n Standard LaTeX file (size option)
)
\c@part=\count181
\c@section=\count182
\c@subsection=\count183
\c@subsubsection=\count184
\c@paragraph=\count185
\c@subparagraph=\count186
\c@figure=\count187
\c@table=\count188
\abovecaptionskip=\skip47
\belowcaptionskip=\skip48
\bibindent=\dimen138
) (xcolor.sty
Package: xcolor 2021/10/31 v2.13 LaTeX color extensions (UK)
 (color.cfg
File: color.cfg 2016/01/02 v1.6 sample color configuration
)
Package xcolor Info: Driver file: xetex.def on input line 227.
 (xetex.def
File: xetex.def 2021/03/18 v5.0k Graphics/color driver for xetex
)
Package xcolor Info: Model `cmy' substituted by `cmy0' on input line 1352.
Package xcolor Info: Model `RGB' extended on input line 1368.
Package xcolor Info: Model `HTML' substituted by `rgb' on input line 1370.
Package xcolor Info: Model `Hsb' substituted by `hsb' on input line 1371.
Package xcolor Info: Model `tHsb' substituted by `hsb' on input line 1372.
Package xcolor Info: Model `HSB' substituted by `hsb' on input line 1373.
Package xcolor Info: Model `Gray' substituted by `gray' on input line 1374.
Package xcolor Info: Model `wave' substituted by `hsb' on input line 1375.
 (dvipsnam.def
File: dvipsnam.def 2016/06/17 v3.0m Driver-dependent file (DPC,SPQR)
) (svgnam.def
File: svgnam.def 2021/10/31 v2.13 Predefined colors according to SVG 1.1 (UK)
)
(x11nam.def
File: x11nam.def 2021/10/31 v2.13 Predefined colors according to Unix/X11 (UK)
)) (amsmath.sty
Package: amsmath 2021/10/15 v2.17l AMS math features
\@mathmargin=\skip49

For additional information on amsmath, use the `?' option.
(amstext.sty
Package: amstext 2021/08/26 v2.01 AMS text
 (amsgen.sty
File: amsgen.sty 1999/11/30 v2.0 generic functions
\@emptytoks=\toks16
\ex@=\dimen139
)) (amsbsy.sty
Package: amsbsy 1999/11/29 v1.2d Bold Symbols
\pmbraise@=\dimen140
) (amsopn.sty
Package: amsopn 2021/08/26 v2.02 operator names
)
\inf@bad=\count189
LaTeX Info: Redefining \frac on input line 234.
\uproot@=\count190
\leftroot@=\count191
LaTeX Info: Redefining \overline on input line 399.
\classnum@=\count192
\DOTSCASE@=\count193
LaTeX Info: Redefining \ldots on input line 496.
LaTeX Info: Redefining \dots on input line 499.
LaTeX Info: Redefining \cdots on input line 620.
\Mathstrutbox@=\box50
\strutbox@=\box51
\big@size=\dimen141
LaTeX Font Info:    Redeclaring font encoding OML on input line 743.
LaTeX Font Info:    Redeclaring font encoding OMS on input line 744.
\macc@depth=\count194
\c@MaxMatrixCols=\count195
\dotsspace@=\muskip16
\c@parentequation=\count196
\dspbrk@lvl=\count197
\tag@help=\toks17
\row@=\count198
\column@=\count199
\maxfields@=\count266
\andhelp@=\toks18
\eqnshift@=\dimen142
\alignsep@=\dimen143
\tagshift@=\dimen144
\tagwidth@=\dimen145
\totwidth@=\dimen146
\lineht@=\dimen147
\@envbody=\toks19
\multlinegap=\skip50
\multlinetaggap=\skip51
\mathdisplay@stack=\toks20
LaTeX Info: Redefining \[ on input line 2938.
LaTeX Info: Redefining \] on input line 2939.
) (amssymb.sty
Package: amssymb 2013/01/14 v3.01 AMS font symbols

(amsfonts.sty
Package: amsfonts 2013/01/14 v3.01 Basic AMSFonts support
\symAMSa=\mathgroup4
\symAMSb=\mathgroup5
LaTeX Font Info:    Redeclaring math symbol \hbar on input line 98.
LaTeX Font Info:    Overwriting math alphabet `\mathfrak' in version `bold'
(Font)                  U/euf/m/n --> U/euf/b/n on input line 106.
)) (iftex.sty
Package: iftex 2022/02/03 v1.0f TeX engine tests
) (unicode-math.sty (expl3.sty
Package: expl3 2022-02-24 L3 programming layer (loader) 
 (l3backend-xetex.def
File: l3backend-xetex.def 2022-02-07 L3 backend support: XeTeX
\c__kernel_sys_dvipdfmx_version_int=\count267
\l__color_backend_stack_int=\count268
\g__color_backend_stack_int=\count269
\g__graphics_track_int=\count270
\l__pdf_internal_box=\box52
\g__pdf_backend_object_int=\count271
\g__pdf_backend_annotation_int=\count272
\g__pdf_backend_link_int=\count273
))
Package: unicode-math 2020/01/31 v0.8q Unicode maths in XeLaTeX and LuaLaTeX
(unicode-math-xetex.sty
Package: unicode-math-xetex 2020/01/31 v0.8q Unicode maths in XeLaTeX and LuaLa
TeX
 (xparse.sty
Package: xparse 2022-01-12 L3 Experimental document command parser
) (l3keys2e.sty
Package: l3keys2e 2022-01-12 LaTeX2e option processing using LaTeX3 keys
) (fontspec.sty
Package: fontspec 2022/01/15 v2.8a Font selection for XeLaTeX and LuaLaTeX

(fontspec-xetex.sty
Package: fontspec-xetex 2022/01/15 v2.8a Font selection for XeLaTeX and LuaLaTe
X
\l__fontspec_script_int=\count274
\l__fontspec_language_int=\count275
\l__fontspec_strnum_int=\count276
\l__fontspec_tmp_int=\count277
\l__fontspec_tmpa_int=\count278
\l__fontspec_tmpb_int=\count279
\l__fontspec_tmpc_int=\count280
\l__fontspec_em_int=\count281
\l__fontspec_emdef_int=\count282
\l__fontspec_strong_int=\count283
\l__fontspec_strongdef_int=\count284
\l__fontspec_tmpa_dim=\dimen148
\l__fontspec_tmpb_dim=\dimen149
\l__fontspec_tmpc_dim=\dimen150
 (fontenc.sty
Package: fontenc 2021/04/29 v2.0v Standard LaTeX package
) (fontspec.cfg))) (fix-cm.sty
Package: fix-cm 2020/11/24 v1.1t fixes to LaTeX
 (ts1enc.def
File: ts1enc.def 2001/06/05 v3.0e (jk/car/fm) Standard LaTeX file
LaTeX Font Info:    Redeclaring font encoding TS1 on input line 47.
))
\g__um_fam_int=\count285
\g__um_fonts_used_int=\count286
\l__um_primecount_int=\count287
\g__um_primekern_muskip=\muskip17

(unicode-math-table.tex))) (lmodern.sty
Package: lmodern 2015/05/01 v1.6.1 Latin Modern Fonts
LaTeX Font Info:    Overwriting symbol font `operators' in version `normal'
(Font)                  OT1/cmr/m/n --> OT1/lmr/m/n on input line 22.
LaTeX Font Info:    Overwriting symbol font `letters' in version `normal'
(Font)                  OML/cmm/m/it --> OML/lmm/m/it on input line 23.
LaTeX Font Info:    Overwriting symbol font `symbols' in version `normal'
(Font)                  OMS/cmsy/m/n --> OMS/lmsy/m/n on input line 24.
LaTeX Font Info:    Overwriting symbol font `largesymbols' in version `normal'
(Font)                  OMX/cmex/m/n --> OMX/lmex/m/n on input line 25.
LaTeX Font Info:    Overwriting symbol font `operators' in version `bold'
(Font)                  OT1/cmr/bx/n --> OT1/lmr/bx/n on input line 26.
LaTeX Font Info:    Overwriting symbol font `letters' in version `bold'
(Font)                  OML/cmm/b/it --> OML/lmm/b/it on input line 27.
LaTeX Font Info:    Overwriting symbol font `symbols' in version `bold'
(Font)                  OMS/cmsy/b/n --> OMS/lmsy/b/n on input line 28.
LaTeX Font Info:    Overwriting symbol font `largesymbols' in version `bold'
(Font)                  OMX/cmex/m/n --> OMX/lmex/m/n on input line 29.
LaTeX Font Info:    Overwriting math alphabet `\mathbf' in version `normal'
(Font)                  OT1/cmr/bx/n --> OT1/lmr/bx/n on input line 31.
LaTeX Font Info:    Overwriting math alphabet `\mathsf' in version `normal'
(Font)                  OT1/cmss/m/n --> OT1/lmss/m/n on input line 32.
LaTeX Font Info:    Overwriting math alphabet `\mathit' in version `normal'
(Font)                  OT1/cmr/m/it --> OT1/lmr/m/it on input line 33.
LaTeX Font Info:    Overwriting math alphabet `\mathtt' in version `normal'
(Font)                  OT1/cmtt/m/n --> OT1/lmtt/m/n on input line 34.
LaTeX Font Info:    Overwriting math alphabet `\mathbf' in version `bold'
(Font)                  OT1/cmr/bx/n --> OT1/lmr/bx/n on input line 35.
LaTeX Font Info:    Overwriting math alphabet `\mathsf' in version `bold'
(Font)                  OT1/cmss/bx/n --> OT1/lmss/bx/n on input line 36.
LaTeX Font Info:    Overwriting math alphabet `\mathit' in version `bold'
(Font)                  OT1/cmr/bx/it --> OT1/lmr/bx/it on input line 37.
LaTeX Font Info:    Overwriting math alphabet `\mathtt' in version `bold'
(Font)                  OT1/cmtt/m/n --> OT1/lmtt/m/n on input line 38.
) (upquote.sty
Package: upquote 2012/04/19 v1.3 upright-quote and grave-accent glyphs in verba
tim
 (textcomp.sty
Package: textcomp 2020/02/02 v2.0n Standard LaTeX package
))
(microtype.sty
Package: microtype 2022/03/14 v3.0d Micro-typographical refinements (RS)
 (keyval.sty
Package: keyval 2014/10/28 v1.15 key=value parser (DPC)
\KV@toks@=\toks21
) (etoolbox.sty
Package: etoolbox 2020/10/05 v2.5k e-TeX tools for LaTeX (JAW)
\etb@tempcnta=\count288
)
\MT@toks=\toks22
\MT@tempbox=\box53
\MT@count=\count289
LaTeX Info: Redefining \noprotrusionifhmode on input line 1027.
LaTeX Info: Redefining \leftprotrusion on input line 1028.
LaTeX Info: Redefining \rightprotrusion on input line 1036.
LaTeX Info: Redefining \textls on input line 1195.
\MT@outer@kern=\dimen151
LaTeX Info: Redefining \textmicrotypecontext on input line 1781.
\MT@listname@count=\count290
 (microtype-xetex.def
File: microtype-xetex.def 2022/03/14 v3.0d Definitions specific to xetex (RS)
LaTeX Info: Redefining \lsstyle on input line 236.
)
Package microtype Info: Loading configuration file microtype.cfg.
 (microtype.cfg
File: microtype.cfg 2022/03/14 v3.0d microtype main configuration file (RS)
)) (parskip.sty
Package: parskip 2021-03-14 v2.0h non-zero parskip adjustments
 (kvoptions.sty
Package: kvoptions 2020-10-07 v3.14 Key value format for package options (HO)
 (ltxcmds.sty
Package: ltxcmds 2020-05-10 v1.25 LaTeX kernel commands for general use (HO)
) (kvsetkeys.sty
Package: kvsetkeys 2019/12/15 v1.18 Key value parser (HO)
))) (geometry.sty
Package: geometry 2020/01/02 v5.9 Page Geometry

(ifvtex.sty
Package: ifvtex 2019/10/25 v1.7 ifvtex legacy package. Use iftex instead.
)
\Gm@cnth=\count291
\Gm@cntv=\count292
\c@Gm@tempcnt=\count293
\Gm@bindingoffset=\dimen152
\Gm@wd@mp=\dimen153
\Gm@odd@mp=\dimen154
\Gm@even@mp=\dimen155
\Gm@layoutwidth=\dimen156
\Gm@layoutheight=\dimen157
\Gm@layouthoffset=\dimen158
\Gm@layoutvoffset=\dimen159
\Gm@dimlist=\toks23
)

Package fontspec Info: Charter scale = 0.8961277144388591.


Package fontspec Info: Charter scale = 0.8961277144388591.


Package fontspec Info: Charter Bold scale = 0.8853413482181194.


Package fontspec Info: Charter Italic scale = 0.8871214315830535.


Package fontspec Info: Charter Bold Italic scale = 0.8722187441836856.


Package fontspec Info: Font family 'Charter(0)' created for font 'Charter'
(fontspec)             with options
(fontspec)             [Scale=MatchLowercase,Ligatures=TeX,Scale=1,BoldFont =
(fontspec)             {Charter Bold},ItalicFont = {Charter
(fontspec)             Italic},BoldItalicFont = {Charter Bold Italic}].
(fontspec)              
(fontspec)              This font family consists of the following NFSS
(fontspec)             series/shapes:
(fontspec)              
(fontspec)             - 'normal' (m/n) with NFSS spec.:
(fontspec)             <->s*[1]"Charter/OT:script=DFLT;language=dflt;mapping=te
x-text;"
(fontspec)             - 'small caps'  (m/sc) with NFSS spec.: 
(fontspec)             - 'bold' (b/n) with NFSS spec.: <->s*[1]"Charter
(fontspec)             Bold/OT:script=DFLT;language=dflt;mapping=tex-text;"
(fontspec)             - 'bold small caps'  (b/sc) with NFSS spec.: 
(fontspec)             - 'italic' (m/it) with NFSS spec.: <->s*[1]"Charter
(fontspec)             Italic/OT:script=DFLT;language=dflt;mapping=tex-text;"
(fontspec)             - 'italic small caps'  (m/scit) with NFSS spec.: 
(fontspec)             - 'bold italic' (b/it) with NFSS spec.:
(fontspec)             <->s*[1]"Charter Bold
(fontspec)             Italic/OT:script=DFLT;language=dflt;mapping=tex-text;"
(fontspec)             - 'bold italic small caps'  (b/scit) with NFSS spec.: 

LaTeX Font Info:    Font shape `TU/Charter(0)/m/n' will be
(Font)              scaled to size 10.95pt on input line 56.

Package fontspec Info: Charter scale = 0.9999971026669951.


Package fontspec Info: Charter scale = 0.9999971026669951.


Package fontspec Info: Charter Bold scale = 0.9879604980678403.


Package fontspec Info: Charter Italic scale = 0.9899469093558279.


Package fontspec Info: Charter Bold Italic scale = 0.973316864350857.


Package fontspec Info: Font family 'Charter(1)' created for font 'Charter'
(fontspec)             with options [Scale=MatchLowercase,BoldFont = {Charter
(fontspec)             Bold},ItalicFont = {Charter Italic},BoldItalicFont =
(fontspec)             {Charter Bold Italic}].
(fontspec)              
(fontspec)              This font family consists of the following NFSS
(fontspec)             series/shapes:
(fontspec)              
(fontspec)             - 'normal' (m/n) with NFSS spec.:
(fontspec)             <->s*[0.9999971026669951]"Charter/OT:script=DFLT;languag
e=dflt;"
(fontspec)             - 'small caps'  (m/sc) with NFSS spec.: 
(fontspec)             - 'bold' (b/n) with NFSS spec.:
(fontspec)             <->s*[0.9879604980678403]"Charter
(fontspec)             Bold/OT:script=DFLT;language=dflt;"
(fontspec)             - 'bold small caps'  (b/sc) with NFSS spec.: 
(fontspec)             - 'italic' (m/it) with NFSS spec.:
(fontspec)             <->s*[0.9899469093558279]"Charter
(fontspec)             Italic/OT:script=DFLT;language=dflt;"
(fontspec)             - 'italic small caps'  (m/scit) with NFSS spec.: 
(fontspec)             - 'bold italic' (b/it) with NFSS spec.:
(fontspec)             <->s*[0.973316864350857]"Charter Bold
(fontspec)             Italic/OT:script=DFLT;language=dflt;"
(fontspec)             - 'bold italic small caps'  (b/scit) with NFSS spec.: 

LaTeX Font Info:    Overwriting math alphabet `\mathrm' in version `normal'
(Font)                  OT1/lmr/m/n --> TU/Charter(1)/m/n on input line 56.
LaTeX Font Info:    Overwriting math alphabet `\mathit' in version `normal'
(Font)                  OT1/lmr/m/it --> TU/Charter(1)/m/it on input line 56.
LaTeX Font Info:    Overwriting math alphabet `\mathbf' in version `normal'
(Font)                  OT1/lmr/bx/n --> TU/Charter(1)/b/n on input line 56.

Package fontspec Info: Avenir Next Regular scale = 1.027682248166576.


Package fontspec Info: Avenir Next Regular scale = 1.027682248166576.


Package fontspec Info: Avenir Next Regular scale = 1.027682248166576.


Package fontspec Info: Avenir Next Demi Bold scale = 0.9657754459601258.


Package fontspec Info: Avenir Next Demi Bold scale = 0.9657754459601258.


Package fontspec Info: Avenir Next Italic scale = 1.027682248166576.


Package fontspec Info: Avenir Next Italic scale = 1.027682248166576.


Package fontspec Info: Avenir Next Demi Bold Italic scale = 1.001991534526706.


Package fontspec Info: Avenir Next Demi Bold Italic scale = 1.001991534526706.


Package fontspec Info: Font family 'AvenirNext(0)' created for font 'Avenir
(fontspec)             Next' with options
(fontspec)             [Scale=MatchLowercase,Ligatures=TeX,UprightFont =
(fontspec)             {Avenir Next Regular},BoldFont = {Avenir Next Demi
(fontspec)             Bold},ItalicFont = {Avenir Next Italic},BoldItalicFont
(fontspec)             = {Avenir Next Demi Bold Italic}].
(fontspec)              
(fontspec)              This font family consists of the following NFSS
(fontspec)             series/shapes:
(fontspec)              
(fontspec)             - 'normal' (m/n) with NFSS spec.:
(fontspec)             <->s*[1.027682248166576]"Avenir Next
(fontspec)             Regular/OT:script=latn;language=dflt;mapping=tex-text;"
(fontspec)             - 'small caps'  (m/sc) with NFSS spec.:
(fontspec)             <->s*[1.027682248166576]"Avenir Next
(fontspec)             Regular/OT:script=latn;language=dflt;+smcp;mapping=tex-t
ext;"
(fontspec)             - 'bold' (b/n) with NFSS spec.:
(fontspec)             <->s*[0.9657754459601258]"Avenir Next Demi
(fontspec)             Bold/OT:script=latn;language=dflt;mapping=tex-text;"
(fontspec)             - 'bold small caps'  (b/sc) with NFSS spec.:
(fontspec)             <->s*[0.9657754459601258]"Avenir Next Demi
(fontspec)             Bold/OT:script=latn;language=dflt;+smcp;mapping=tex-text
;"
(fontspec)             - 'italic' (m/it) with NFSS spec.:
(fontspec)             <->s*[1.027682248166576]"Avenir Next
(fontspec)             Italic/OT:script=latn;language=dflt;mapping=tex-text;"
(fontspec)             - 'italic small caps'  (m/scit) with NFSS spec.:
(fontspec)             <->s*[1.027682248166576]"Avenir Next
(fontspec)             Italic/OT:script=latn;language=dflt;+smcp;mapping=tex-te
xt;"
(fontspec)             - 'bold italic' (b/it) with NFSS spec.:
(fontspec)             <->s*[1.001991534526706]"Avenir Next Demi Bold
(fontspec)             Italic/OT:script=latn;language=dflt;mapping=tex-text;"
(fontspec)             - 'bold italic small caps'  (b/scit) with NFSS spec.:
(fontspec)             <->s*[1.001991534526706]"Avenir Next Demi Bold
(fontspec)             Italic/OT:script=latn;language=dflt;+smcp;mapping=tex-te
xt;"


Package fontspec Info: Avenir Next Regular scale = 1.027682248166576.


Package fontspec Info: Avenir Next Regular scale = 1.027682248166576.


Package fontspec Info: Avenir Next Regular scale = 1.027682248166576.


Package fontspec Info: Avenir Next Demi Bold scale = 0.9657754459601258.


Package fontspec Info: Avenir Next Demi Bold scale = 0.9657754459601258.


Package fontspec Info: Avenir Next Italic scale = 1.027682248166576.


Package fontspec Info: Avenir Next Italic scale = 1.027682248166576.


Package fontspec Info: Avenir Next Demi Bold Italic scale = 1.001991534526706.


Package fontspec Info: Avenir Next Demi Bold Italic scale = 1.001991534526706.


Package fontspec Info: Font family 'AvenirNext(1)' created for font 'Avenir
(fontspec)             Next' with options [Scale=MatchLowercase,UprightFont =
(fontspec)             {Avenir Next Regular},BoldFont = {Avenir Next Demi
(fontspec)             Bold},ItalicFont = {Avenir Next Italic},BoldItalicFont
(fontspec)             = {Avenir Next Demi Bold Italic}].
(fontspec)              
(fontspec)              This font family consists of the following NFSS
(fontspec)             series/shapes:
(fontspec)              
(fontspec)             - 'normal' (m/n) with NFSS spec.:
(fontspec)             <->s*[1.027682248166576]"Avenir Next
(fontspec)             Regular/OT:script=latn;language=dflt;"
(fontspec)             - 'small caps'  (m/sc) with NFSS spec.:
(fontspec)             <->s*[1.027682248166576]"Avenir Next
(fontspec)             Regular/OT:script=latn;language=dflt;+smcp;"
(fontspec)             - 'bold' (b/n) with NFSS spec.:
(fontspec)             <->s*[0.9657754459601258]"Avenir Next Demi
(fontspec)             Bold/OT:script=latn;language=dflt;"
(fontspec)             - 'bold small caps'  (b/sc) with NFSS spec.:
(fontspec)             <->s*[0.9657754459601258]"Avenir Next Demi
(fontspec)             Bold/OT:script=latn;language=dflt;+smcp;"
(fontspec)             - 'italic' (m/it) with NFSS spec.:
(fontspec)             <->s*[1.027682248166576]"Avenir Next
(fontspec)             Italic/OT:script=latn;language=dflt;"
(fontspec)             - 'italic small caps'  (m/scit) with NFSS spec.:
(fontspec)             <->s*[1.027682248166576]"Avenir Next
(fontspec)             Italic/OT:script=latn;language=dflt;+smcp;"
(fontspec)             - 'bold italic' (b/it) with NFSS spec.:
(fontspec)             <->s*[1.001991534526706]"Avenir Next Demi Bold
(fontspec)             Italic/OT:script=latn;language=dflt;"
(fontspec)             - 'bold italic small caps'  (b/scit) with NFSS spec.:
(fontspec)             <->s*[1.001991534526706]"Avenir Next Demi Bold
(fontspec)             Italic/OT:script=latn;language=dflt;+smcp;"

LaTeX Font Info:    Overwriting math alphabet `\mathsf' in version `normal'
(Font)                  OT1/lmss/m/n --> TU/AvenirNext(1)/m/n on input line 59.

LaTeX Font Info:    Overwriting math alphabet `\mathsf' in version `bold'
(Font)                  OT1/lmss/bx/n --> TU/AvenirNext(1)/b/n on input line 59
.

Package fontspec Info: Menlo scale = 0.8827596084740257.


Package fontspec Info: Menlo scale = 0.8827596084740257.


Package fontspec Info: Menlo/B scale = 0.8827596084740257.


Package fontspec Info: Menlo/I scale = 0.8827596084740257.


Package fontspec Info: Menlo/BI scale = 0.8827596084740257.


Package fontspec Info: Font family 'Menlo(0)' created for font 'Menlo' with
(fontspec)             options
(fontspec)             [Scale=MatchLowercase,WordSpace={1,0,0},HyphenChar=None,
PunctuationSpace=WordSpace,Scale=0.84].
(fontspec)              
(fontspec)              This font family consists of the following NFSS
(fontspec)             series/shapes:
(fontspec)              
(fontspec)             - 'normal' (m/n) with NFSS spec.:
(fontspec)             <->s*[0.84]"Menlo/AAT"
(fontspec)             - 'small caps'  (m/sc) with NFSS spec.: 
(fontspec)             and font adjustment code:
(fontspec)             \fontdimen 2\font =1\fontdimen 2\font \fontdimen 3\font
(fontspec)             =0\fontdimen 3\font \fontdimen 4\font =0\fontdimen
(fontspec)             4\font \fontdimen 7\font =0\fontdimen 2\font
(fontspec)             \tex_hyphenchar:D \font =-1\scan_stop: 
(fontspec)             - 'bold' (b/n) with NFSS spec.:
(fontspec)             <->s*[0.84]"Menlo/B/AAT"
(fontspec)             - 'bold small caps'  (b/sc) with NFSS spec.: 
(fontspec)             and font adjustment code:
(fontspec)             \fontdimen 2\font =1\fontdimen 2\font \fontdimen 3\font
(fontspec)             =0\fontdimen 3\font \fontdimen 4\font =0\fontdimen
(fontspec)             4\font \fontdimen 7\font =0\fontdimen 2\font
(fontspec)             \tex_hyphenchar:D \font =-1\scan_stop: 
(fontspec)             - 'italic' (m/it) with NFSS spec.:
(fontspec)             <->s*[0.84]"Menlo/I/AAT"
(fontspec)             - 'italic small caps'  (m/scit) with NFSS spec.: 
(fontspec)             and font adjustment code:
(fontspec)             \fontdimen 2\font =1\fontdimen 2\font \fontdimen 3\font
(fontspec)             =0\fontdimen 3\font \fontdimen 4\font =0\fontdimen
(fontspec)             4\font \fontdimen 7\font =0\fontdimen 2\font
(fontspec)             \tex_hyphenchar:D \font =-1\scan_stop: 
(fontspec)             - 'bold italic' (b/it) with NFSS spec.:
(fontspec)             <->s*[0.84]"Menlo/BI/AAT"
(fontspec)             - 'bold italic small caps'  (b/scit) with NFSS spec.: 
(fontspec)             and font adjustment code:
(fontspec)             \fontdimen 2\font =1\fontdimen 2\font \fontdimen 3\font
(fontspec)             =0\fontdimen 3\font \fontdimen 4\font =0\fontdimen
(fontspec)             4\font \fontdimen 7\font =0\fontdimen 2\font
(fontspec)             \tex_hyphenchar:D \font =-1\scan_stop: 


Package fontspec Info: Menlo scale = 0.8827596084740257.


Package fontspec Info: Menlo scale = 0.8827596084740257.


Package fontspec Info: Menlo/B scale = 0.8827596084740257.


Package fontspec Info: Menlo/I scale = 0.8827596084740257.


Package fontspec Info: Menlo/BI scale = 0.8827596084740257.


Package fontspec Info: Font family 'Menlo(1)' created for font 'Menlo' with
(fontspec)             options [Scale=MatchLowercase,Scale=0.84].
(fontspec)              
(fontspec)              This font family consists of the following NFSS
(fontspec)             series/shapes:
(fontspec)              
(fontspec)             - 'normal' (m/n) with NFSS spec.:
(fontspec)             <->s*[0.84]"Menlo/AAT"
(fontspec)             - 'small caps'  (m/sc) with NFSS spec.: 
(fontspec)             - 'bold' (b/n) with NFSS spec.:
(fontspec)             <->s*[0.84]"Menlo/B/AAT"
(fontspec)             - 'bold small caps'  (b/sc) with NFSS spec.: 
(fontspec)             - 'italic' (m/it) with NFSS spec.:
(fontspec)             <->s*[0.84]"Menlo/I/AAT"
(fontspec)             - 'italic small caps'  (m/scit) with NFSS spec.: 
(fontspec)             - 'bold italic' (b/it) with NFSS spec.:
(fontspec)             <->s*[0.84]"Menlo/BI/AAT"
(fontspec)             - 'bold italic small caps'  (b/scit) with NFSS spec.: 

LaTeX Font Info:    Overwriting math alphabet `\mathtt' in version `normal'
(Font)                  OT1/lmtt/m/n --> TU/Menlo(1)/m/n on input line 60.
LaTeX Font Info:    Overwriting math alphabet `\mathtt' in version `bold'
(Font)                  OT1/lmtt/m/n --> TU/Menlo(1)/b/n on input line 60.

Package fontspec Info: STIX Two Math scale = 1.016819125900393.


Package fontspec Info: Could not resolve font "STIX Two Math/BI" (it probably
(fontspec)             doesn't exist).


Package fontspec Info: Could not resolve font "STIX Two Math/B" (it probably
(fontspec)             doesn't exist).


Package fontspec Info: Could not resolve font "STIX Two Math/I" (it probably
(fontspec)             doesn't exist).


Package fontspec Info: STIX Two Math scale = 1.016819125900393.


Package fontspec Info: Font family 'STIXTwoMath(0)' created for font 'STIX Two
(fontspec)             Math' with options [Scale=MatchLowercase].
(fontspec)              
(fontspec)              This font family consists of the following NFSS
(fontspec)             series/shapes:
(fontspec)              
(fontspec)             - 'normal' (m/n) with NFSS spec.:
(fontspec)             <->s*[1.016819125900393]"STIX Two
(fontspec)             Math/OT:script=latn;language=dflt;"
(fontspec)             - 'small caps'  (m/sc) with NFSS spec.: 


Package fontspec Info: Avenir Next Medium scale = 1.014675791998871.


Package fontspec Info: Avenir Next Medium scale = 1.014675791998871.


Package fontspec Info: Avenir Next Medium scale = 1.014675791998871.


Package fontspec Info: Avenir Next Medium/B scale = 0.9143638285528084.


Package fontspec Info: Avenir Next Medium/B scale = 0.9143638285528084.


Package fontspec Info: Avenir Next Medium/I scale = 1.027682248166576.


Package fontspec Info: Avenir Next Medium/I scale = 1.027682248166576.


Package fontspec Info: Avenir Next Medium/BI scale = 0.9657754459601258.


Package fontspec Info: Avenir Next Medium/BI scale = 0.9657754459601258.


Package fontspec Info: Font family 'AvenirNextMedium(0)' created for font
(fontspec)             'Avenir Next Medium' with options
(fontspec)             [Scale=MatchLowercase,Ligatures=TeX].
(fontspec)              
(fontspec)              This font family consists of the following NFSS
(fontspec)             series/shapes:
(fontspec)              
(fontspec)             - 'normal' (m/n) with NFSS spec.:
(fontspec)             <->s*[1.014675791998871]"Avenir Next
(fontspec)             Medium/OT:script=latn;language=dflt;mapping=tex-text;"
(fontspec)             - 'small caps'  (m/sc) with NFSS spec.:
(fontspec)             <->s*[1.014675791998871]"Avenir Next
(fontspec)             Medium/OT:script=latn;language=dflt;+smcp;mapping=tex-te
xt;"
(fontspec)             - 'bold' (b/n) with NFSS spec.:
(fontspec)             <->s*[0.9143638285528084]"Avenir Next
(fontspec)             Medium/B/OT:script=latn;language=dflt;mapping=tex-text;"

(fontspec)             - 'bold small caps'  (b/sc) with NFSS spec.:
(fontspec)             <->s*[0.9143638285528084]"Avenir Next
(fontspec)             Medium/B/OT:script=latn;language=dflt;+smcp;mapping=tex-
text;"
(fontspec)             - 'italic' (m/it) with NFSS spec.:
(fontspec)             <->s*[1.027682248166576]"Avenir Next
(fontspec)             Medium/I/OT:script=latn;language=dflt;mapping=tex-text;"

(fontspec)             - 'italic small caps'  (m/scit) with NFSS spec.:
(fontspec)             <->s*[1.027682248166576]"Avenir Next
(fontspec)             Medium/I/OT:script=latn;language=dflt;+smcp;mapping=tex-
text;"
(fontspec)             - 'bold italic' (b/it) with NFSS spec.:
(fontspec)             <->s*[0.9657754459601258]"Avenir Next
(fontspec)             Medium/BI/OT:script=latn;language=dflt;mapping=tex-text;
"
(fontspec)             - 'bold italic small caps'  (b/scit) with NFSS spec.:
(fontspec)             <->s*[0.9657754459601258]"Avenir Next
(fontspec)             Medium/BI/OT:script=latn;language=dflt;+smcp;mapping=tex
-text;"

 (pifont.sty
Package: pifont 2020/03/25 PSNFSS-v9.3 Pi font support (SPQR) 
LaTeX Font Info:    Trying to load font information for U+pzd on input line 63.

 (upzd.fd
File: upzd.fd 2001/06/04 font definitions for U/pzd.
)
LaTeX Font Info:    Trying to load font information for U+psy on input line 64.

 (upsy.fd
File: upsy.fd 2001/06/04 font definitions for U/psy.
)) (titlesec.sty
Package: titlesec 2021/07/05 v2.14 Sectioning titles
\ttl@box=\box54
\beforetitleunit=\skip52
\aftertitleunit=\skip53
\ttl@plus=\dimen160
\ttl@minus=\dimen161
\ttl@toksa=\toks24
\titlewidth=\dimen162
\titlewidthlast=\dimen163
\titlewidthfirst=\dimen164
) (placeins.sty
Package: placeins 2005/04/18  v 2.2
)
(fancyhdr.sty
Package: fancyhdr 2021/01/28 v4.0.1 Extensive control of page headers and foote
rs
\f@nch@headwidth=\skip54
\f@nch@O@elh=\skip55
\f@nch@O@erh=\skip56
\f@nch@O@olh=\skip57
\f@nch@O@orh=\skip58
\f@nch@O@elf=\skip59
\f@nch@O@erf=\skip60
\f@nch@O@olf=\skip61
\f@nch@O@orf=\skip62
) (caption.sty
Package: caption 2022/03/01 v3.6b Customizing captions (AR)
 (caption3.sty
Package: caption3 2022/03/17 v2.3b caption3 kernel (AR)
\caption@tempdima=\dimen165
\captionmargin=\dimen166
\caption@leftmargin=\dimen167
\caption@rightmargin=\dimen168
\caption@width=\dimen169
\caption@indent=\dimen170
\caption@parindent=\dimen171
\caption@hangindent=\dimen172
Package caption Info: Standard document class detected.
)
\c@caption@flags=\count294
\c@continuedfloat=\count295
) (tcolorbox.sty
Package: tcolorbox 2022/01/07 version 5.0.2 text color boxes
 (pgf.sty (pgfrcs.sty (pgfutil-common.tex
\pgfutil@everybye=\toks25
\pgfutil@tempdima=\dimen173
\pgfutil@tempdimb=\dimen174
 (pgfutil-common-lists.tex)) (pgfutil-latex.def
\pgfutil@abb=\box55
)
(pgfrcs.code.tex (pgf.revision.tex)
Package: pgfrcs 2021/05/15 v3.1.9a (3.1.9a)
))
Package: pgf 2021/05/15 v3.1.9a (3.1.9a)
 (pgfcore.sty (graphicx.sty
Package: graphicx 2021/09/16 v1.2d Enhanced LaTeX Graphics (DPC,SPQR)
 (graphics.sty
Package: graphics 2021/03/04 v1.4d Standard LaTeX Graphics (DPC,SPQR)

(trig.sty
Package: trig 2021/08/11 v1.11 sin cos tan (DPC)
) (graphics.cfg
File: graphics.cfg 2016/06/04 v1.11 sample graphics configuration
)
Package graphics Info: Driver file: xetex.def on input line 107.
)
\Gin@req@height=\dimen175
\Gin@req@width=\dimen176
) (pgfsys.sty (pgfsys.code.tex
Package: pgfsys 2021/05/15 v3.1.9a (3.1.9a)
 (pgfkeys.code.tex
\pgfkeys@pathtoks=\toks26
\pgfkeys@temptoks=\toks27

(pgfkeysfiltered.code.tex
\pgfkeys@tmptoks=\toks28
))
\pgf@x=\dimen177
\pgf@y=\dimen178
\pgf@xa=\dimen179
\pgf@ya=\dimen180
\pgf@xb=\dimen181
\pgf@yb=\dimen182
\pgf@xc=\dimen183
\pgf@yc=\dimen184
\pgf@xd=\dimen185
\pgf@yd=\dimen186
\w@pgf@writea=\write3
\r@pgf@reada=\read2
\c@pgf@counta=\count296
\c@pgf@countb=\count297
\c@pgf@countc=\count298
\c@pgf@countd=\count299
\t@pgf@toka=\toks29
\t@pgf@tokb=\toks30
\t@pgf@tokc=\toks31
\pgf@sys@id@count=\count300
 (pgf.cfg
File: pgf.cfg 2021/05/15 v3.1.9a (3.1.9a)
)
Driver file for pgf: pgfsys-xetex.def
 (pgfsys-xetex.def
File: pgfsys-xetex.def 2021/05/15 v3.1.9a (3.1.9a)
 (pgfsys-dvipdfmx.def
File: pgfsys-dvipdfmx.def 2021/05/15 v3.1.9a (3.1.9a)

(pgfsys-common-pdf.def
File: pgfsys-common-pdf.def 2021/05/15 v3.1.9a (3.1.9a)
)
\pgfsys@objnum=\count301
))) (pgfsyssoftpath.code.tex
File: pgfsyssoftpath.code.tex 2021/05/15 v3.1.9a (3.1.9a)
\pgfsyssoftpath@smallbuffer@items=\count302
\pgfsyssoftpath@bigbuffer@items=\count303
) (pgfsysprotocol.code.tex
File: pgfsysprotocol.code.tex 2021/05/15 v3.1.9a (3.1.9a)
)) (pgfcore.code.tex
Package: pgfcore 2021/05/15 v3.1.9a (3.1.9a)
 (pgfmath.code.tex (pgfmathcalc.code.tex
(pgfmathutil.code.tex) (pgfmathparser.code.tex
\pgfmath@dimen=\dimen187
\pgfmath@count=\count304
\pgfmath@box=\box56
\pgfmath@toks=\toks32
\pgfmath@stack@operand=\toks33
\pgfmath@stack@operation=\toks34
) (pgfmathfunctions.code.tex
(pgfmathfunctions.basic.code.tex) (pgfmathfunctions.trigonometric.code.tex)
(pgfmathfunctions.random.code.tex) (pgfmathfunctions.comparison.code.tex)
(pgfmathfunctions.base.code.tex) (pgfmathfunctions.round.code.tex)
(pgfmathfunctions.misc.code.tex) (pgfmathfunctions.integerarithmetics.code.tex)
)) (pgfmathfloat.code.tex
\c@pgfmathroundto@lastzeros=\count305
)) (pgfint.code.tex) (pgfcorepoints.code.tex
File: pgfcorepoints.code.tex 2021/05/15 v3.1.9a (3.1.9a)
\pgf@picminx=\dimen188
\pgf@picmaxx=\dimen189
\pgf@picminy=\dimen190
\pgf@picmaxy=\dimen191
\pgf@pathminx=\dimen192
\pgf@pathmaxx=\dimen193
\pgf@pathminy=\dimen194
\pgf@pathmaxy=\dimen195
\pgf@xx=\dimen196
\pgf@xy=\dimen197
\pgf@yx=\dimen198
\pgf@yy=\dimen199
\pgf@zx=\dimen256
\pgf@zy=\dimen257
)
(pgfcorepathconstruct.code.tex
File: pgfcorepathconstruct.code.tex 2021/05/15 v3.1.9a (3.1.9a)
\pgf@path@lastx=\dimen258
\pgf@path@lasty=\dimen259
) (pgfcorepathusage.code.tex
File: pgfcorepathusage.code.tex 2021/05/15 v3.1.9a (3.1.9a)
\pgf@shorten@end@additional=\dimen260
\pgf@shorten@start@additional=\dimen261
)
(pgfcorescopes.code.tex
File: pgfcorescopes.code.tex 2021/05/15 v3.1.9a (3.1.9a)
\pgfpic=\box57
\pgf@hbox=\box58
\pgf@layerbox@main=\box59
\pgf@picture@serial@count=\count306
) (pgfcoregraphicstate.code.tex
File: pgfcoregraphicstate.code.tex 2021/05/15 v3.1.9a (3.1.9a)
\pgflinewidth=\dimen262
)
(pgfcoretransformations.code.tex
File: pgfcoretransformations.code.tex 2021/05/15 v3.1.9a (3.1.9a)
\pgf@pt@x=\dimen263
\pgf@pt@y=\dimen264
\pgf@pt@temp=\dimen265
) (pgfcorequick.code.tex
File: pgfcorequick.code.tex 2021/05/15 v3.1.9a (3.1.9a)
)
(pgfcoreobjects.code.tex
File: pgfcoreobjects.code.tex 2021/05/15 v3.1.9a (3.1.9a)
) (pgfcorepathprocessing.code.tex
File: pgfcorepathprocessing.code.tex 2021/05/15 v3.1.9a (3.1.9a)
)
(pgfcorearrows.code.tex
File: pgfcorearrows.code.tex 2021/05/15 v3.1.9a (3.1.9a)
\pgfarrowsep=\dimen266
) (pgfcoreshade.code.tex
File: pgfcoreshade.code.tex 2021/05/15 v3.1.9a (3.1.9a)
\pgf@max=\dimen267
\pgf@sys@shading@range@num=\count307
\pgf@shadingcount=\count308
) (pgfcoreimage.code.tex
File: pgfcoreimage.code.tex 2021/05/15 v3.1.9a (3.1.9a)

(pgfcoreexternal.code.tex
File: pgfcoreexternal.code.tex 2021/05/15 v3.1.9a (3.1.9a)
\pgfexternal@startupbox=\box60
)) (pgfcorelayers.code.tex
File: pgfcorelayers.code.tex 2021/05/15 v3.1.9a (3.1.9a)
)
(pgfcoretransparency.code.tex
File: pgfcoretransparency.code.tex 2021/05/15 v3.1.9a (3.1.9a)
) (pgfcorepatterns.code.tex
File: pgfcorepatterns.code.tex 2021/05/15 v3.1.9a (3.1.9a)
) (pgfcorerdf.code.tex
File: pgfcorerdf.code.tex 2021/05/15 v3.1.9a (3.1.9a)
))) (pgfmoduleshapes.code.tex
File: pgfmoduleshapes.code.tex 2021/05/15 v3.1.9a (3.1.9a)
\pgfnodeparttextbox=\box61
) (pgfmoduleplot.code.tex
File: pgfmoduleplot.code.tex 2021/05/15 v3.1.9a (3.1.9a)
)
(pgfcomp-version-0-65.sty
Package: pgfcomp-version-0-65 2021/05/15 v3.1.9a (3.1.9a)
\pgf@nodesepstart=\dimen268
\pgf@nodesepend=\dimen269
) (pgfcomp-version-1-18.sty
Package: pgfcomp-version-1-18 2021/05/15 v3.1.9a (3.1.9a)
)) (verbatim.sty
Package: verbatim 2020-07-07 v1.5u LaTeX2e package for verbatim enhancements
\every@verbatim=\toks35
\verbatim@line=\toks36
\verbatim@in@stream=\read3
)
(environ.sty
Package: environ 2014/05/04 v0.3 A new way to define environments
 (trimspaces.sty
Package: trimspaces 2009/09/17 v1.1 Trim spaces around a token list
))
\tcb@titlebox=\box62
\tcb@upperbox=\box63
\tcb@lowerbox=\box64
\tcb@phantombox=\box65
\c@tcbbreakpart=\count309
\c@tcblayer=\count310
\c@tcolorbox@number=\count311
\tcb@temp=\box66
\tcb@temp=\box67
\tcb@temp=\box68
\tcb@temp=\box69
) (tcbbreakable.code.tex
Library (tcolorbox): 'tcbbreakable.code.tex' version '5.0.2'
(pdfcol.sty
Package: pdfcol 2019/12/29 v1.6 Handle new color stacks for pdfTeX (HO)
 (infwarerr.sty
Package: infwarerr 2019/12/03 v1.5 Providing info/warning/error messages (HO)
)
Package pdfcol Info: Interface disabled because of missing PDF mode of pdfTeX.
)
Package pdfcol Info: pdfTeX's color stacks are not available.
\tcb@testbox=\box70
\tcb@totalupperbox=\box71
\tcb@totallowerbox=\box72
) (tcbskins.code.tex
Library (tcolorbox): 'tcbskins.code.tex' version '5.0.2'
(tikz.sty (pgffor.sty (pgfkeys.sty (pgfkeys.code.tex)) (pgfmath.sty
(pgfmath.code.tex)) (pgffor.code.tex
Package: pgffor 2021/05/15 v3.1.9a (3.1.9a)
 (pgfmath.code.tex)
\pgffor@iter=\dimen270
\pgffor@skip=\dimen271
\pgffor@stack=\toks37
\pgffor@toks=\toks38
)) (tikz.code.tex
Package: tikz 2021/05/15 v3.1.9a (3.1.9a)

(pgflibraryplothandlers.code.tex
File: pgflibraryplothandlers.code.tex 2021/05/15 v3.1.9a (3.1.9a)
\pgf@plot@mark@count=\count312
\pgfplotmarksize=\dimen272
)
\tikz@lastx=\dimen273
\tikz@lasty=\dimen274
\tikz@lastxsaved=\dimen275
\tikz@lastysaved=\dimen276
\tikz@lastmovetox=\dimen277
\tikz@lastmovetoy=\dimen278
\tikzleveldistance=\dimen279
\tikzsiblingdistance=\dimen280
\tikz@figbox=\box73
\tikz@figbox@bg=\box74
\tikz@tempbox=\box75
\tikz@tempbox@bg=\box76
\tikztreelevel=\count313
\tikznumberofchildren=\count314
\tikznumberofcurrentchild=\count315
\tikz@fig@count=\count316
 (pgfmodulematrix.code.tex
File: pgfmodulematrix.code.tex 2021/05/15 v3.1.9a (3.1.9a)
\pgfmatrixcurrentrow=\count317
\pgfmatrixcurrentcolumn=\count318
\pgf@matrix@numberofcolumns=\count319
)
\tikz@expandcount=\count320

(tikzlibrarytopaths.code.tex
File: tikzlibrarytopaths.code.tex 2021/05/15 v3.1.9a (3.1.9a)
)))
\tcb@waterbox=\box77
 (tcbskinsjigsaw.code.tex
Library (tcolorbox): 'tcbskinsjigsaw.code.tex' version '5.0.2'
)) (booktabs.sty
Package: booktabs 2020/01/12 v1.61803398 Publication quality tables
\heavyrulewidth=\dimen281
\lightrulewidth=\dimen282
\cmidrulewidth=\dimen283
\belowrulesep=\dimen284
\belowbottomsep=\dimen285
\aboverulesep=\dimen286
\abovetopsep=\dimen287
\cmidrulesep=\dimen288
\cmidrulekern=\dimen289
\defaultaddspace=\dimen290
\@cmidla=\count321
\@cmidlb=\count322
\@aboverulesep=\dimen291
\@belowrulesep=\dimen292
\@thisruleclass=\count323
\@lastruleclass=\count324
\@thisrulewidth=\dimen293
) (longtable.sty
Package: longtable 2021-09-01 v4.17 Multi-page Table package (DPC)
\LTleft=\skip63
\LTright=\skip64
\LTpre=\skip65
\LTpost=\skip66
\LTchunksize=\count325
\LTcapwidth=\dimen294
\LT@head=\box78
\LT@firsthead=\box79
\LT@foot=\box80
\LT@lastfoot=\box81
\LT@gbox=\box82
\LT@cols=\count326
\LT@rows=\count327
\c@LT@tables=\count328
\c@LT@chunks=\count329
\LT@p@ftn=\toks39
) (array.sty
Package: array 2021/10/04 v2.5f Tabular extension package (FMi)
\col@sep=\dimen295
\ar@mcellbox=\box83
\extrarowheight=\dimen296
\NC@list=\toks40
\extratabsurround=\skip67
\backup@length=\skip68
\ar@cellbox=\box84
) (colortbl.sty
Package: colortbl 2020/01/04 v1.0e Color table columns (DPC)
\everycr=\toks41
\minrowclearance=\skip69
) (tocloft.sty
Package: tocloft 2017/08/31 v2.3i parameterised ToC, etc., typesetting
Package tocloft Info: The document has section divisions on input line 51.
\cftparskip=\skip70
\cftbeforetoctitleskip=\skip71
\cftaftertoctitleskip=\skip72
\cftbeforepartskip=\skip73
\cftpartnumwidth=\skip74
\cftpartindent=\skip75
\cftbeforesecskip=\skip76
\cftsecindent=\skip77
\cftsecnumwidth=\skip78
\cftbeforesubsecskip=\skip79
\cftsubsecindent=\skip80
\cftsubsecnumwidth=\skip81
\cftbeforesubsubsecskip=\skip82
\cftsubsubsecindent=\skip83
\cftsubsubsecnumwidth=\skip84
\cftbeforeparaskip=\skip85
\cftparaindent=\skip86
\cftparanumwidth=\skip87
\cftbeforesubparaskip=\skip88
\cftsubparaindent=\skip89
\cftsubparanumwidth=\skip90
\cftbeforeloftitleskip=\skip91
\cftafterloftitleskip=\skip92
\cftbeforefigskip=\skip93
\cftfigindent=\skip94
\cftfignumwidth=\skip95
\c@lofdepth=\count330
\c@lotdepth=\count331
\cftbeforelottitleskip=\skip96
\cftafterlottitleskip=\skip97
\cftbeforetabskip=\skip98
\cfttabindent=\skip99
\cfttabnumwidth=\skip100


Package tocloft Warning: \@starttoc has already been redefined; tocloft bailing
 out. on input line 1156.

) (enumitem.sty
Package: enumitem 2019/06/20 v3.9 Customized lists
\labelindent=\skip101
\enit@outerparindent=\dimen297
\enit@toks=\toks42
\enit@inbox=\box85
\enit@count@id=\count332
\enitdp@description=\count333
) (bookmark.sty
Package: bookmark 2020-11-06 v1.29 PDF bookmarks (HO)
 (hyperref.sty
Package: hyperref 2022-02-21 v7.00n Hypertext links for LaTeX
 (pdftexcmds.sty
Package: pdftexcmds 2020-06-27 v0.33 Utility functions of pdfTeX for LuaTeX (HO
)
Package pdftexcmds Info: \pdf@primitive is available.
Package pdftexcmds Info: \pdf@ifprimitive is available.
Package pdftexcmds Info: \pdfdraftmode not found.
) (kvdefinekeys.sty
Package: kvdefinekeys 2019-12-19 v1.6 Define keys (HO)
) (pdfescape.sty
Package: pdfescape 2019/12/09 v1.15 Implements pdfTeX's escape features (HO)
) (hycolor.sty
Package: hycolor 2020-01-27 v1.10 Color options for hyperref/bookmark (HO)
) (letltxmacro.sty
Package: letltxmacro 2019/12/03 v1.6 Let assignment for LaTeX macros (HO)
) (auxhook.sty
Package: auxhook 2019-12-17 v1.6 Hooks for auxiliary files (HO)
)
\@linkdim=\dimen298
\Hy@linkcounter=\count334
\Hy@pagecounter=\count335
 (pd1enc.def
File: pd1enc.def 2022-02-21 v7.00n Hyperref: PDFDocEncoding definition (HO)
)
(intcalc.sty
Package: intcalc 2019/12/15 v1.3 Expandable calculations with integers (HO)
) (etexcmds.sty
Package: etexcmds 2019/12/15 v1.7 Avoid name clashes with e-TeX commands (HO)
)
\Hy@SavedSpaceFactor=\count336
 (puenc.def
File: puenc.def 2022-02-21 v7.00n Hyperref: PDF Unicode definition (HO)
)
Package hyperref Info: Option `unicode' set `true' on input line 4018.
Package hyperref Info: Hyper figures OFF on input line 4137.
Package hyperref Info: Link nesting OFF on input line 4142.
Package hyperref Info: Hyper index ON on input line 4145.
Package hyperref Info: Plain pages OFF on input line 4152.
Package hyperref Info: Backreferencing OFF on input line 4157.
Package hyperref Info: Implicit mode ON; LaTeX internals redefined.
Package hyperref Info: Bookmarks ON on input line 4390.
\c@Hy@tempcnt=\count337
 (url.sty
\Urlmuskip=\muskip18
Package: url 2013/09/16  ver 3.4  Verb mode for urls, etc.
)
LaTeX Info: Redefining \url on input line 4749.
\XeTeXLinkMargin=\dimen299
 (bitset.sty
Package: bitset 2019/12/09 v1.3 Handle bit-vector datatype (HO)
 (bigintcalc.sty
Package: bigintcalc 2019/12/15 v1.5 Expandable calculations on big integers (HO
)
))
\Fld@menulength=\count338
\Field@Width=\dimen300
\Fld@charsize=\dimen301
Package hyperref Info: Hyper figures OFF on input line 6027.
Package hyperref Info: Link nesting OFF on input line 6032.
Package hyperref Info: Hyper index ON on input line 6035.
Package hyperref Info: backreferencing OFF on input line 6042.
Package hyperref Info: Link coloring OFF on input line 6047.
Package hyperref Info: Link coloring with OCG OFF on input line 6052.
Package hyperref Info: PDF/A mode OFF on input line 6057.
LaTeX Info: Redefining \ref on input line 6097.
LaTeX Info: Redefining \pageref on input line 6101.
 (atbegshi-ltx.sty
Package: atbegshi-ltx 2021/01/10 v1.0c Emulation of the original atbegshi
package with kernel methods
)
\Hy@abspage=\count339
\c@Item=\count340
\c@Hfootnote=\count341
)
Package hyperref Info: Driver (autodetected): hxetex.
 (hxetex.def
File: hxetex.def 2022-02-21 v7.00n Hyperref driver for XeTeX
 (stringenc.sty
Package: stringenc 2019/11/29 v1.12 Convert strings between diff. encodings (HO
)
)
\pdfm@box=\box86
\c@Hy@AnnotLevel=\count342
\HyField@AnnotCount=\count343
\Fld@listcount=\count344
\c@bookmark@seq@number=\count345
 (rerunfilecheck.sty
Package: rerunfilecheck 2019/12/05 v1.9 Rerun checks for auxiliary files (HO)

(atveryend-ltx.sty
Package: atveryend-ltx 2020/08/19 v1.0a Emulation of the original atveryend pac
kage
with kernel methods
) (uniquecounter.sty
Package: uniquecounter 2019/12/15 v1.4 Provide unlimited unique counter (HO)
)
Package uniquecounter Info: New unique counter `rerunfilecheck' on input line 2
86.
)
\Hy@SectionHShift=\skip102
) (bkm-dvipdfm.def
File: bkm-dvipdfm.def 2020-11-06 v1.29 bookmark driver for dvipdfm (HO)
\BKM@id=\count346
)) (xurl.sty
Package: xurl 2022/01/09 v 0.10 modify URL breaks
)
Package hyperref Info: Option `colorlinks' set `true' on input line 191.

(AETHER_paper.aux)
\openout1 = `AETHER_paper.aux'.

LaTeX Font Info:    Checking defaults for OML/cmm/m/it on input line 196.
LaTeX Font Info:    ... okay on input line 196.
LaTeX Font Info:    Checking defaults for OMS/cmsy/m/n on input line 196.
LaTeX Font Info:    ... okay on input line 196.
LaTeX Font Info:    Checking defaults for OT1/cmr/m/n on input line 196.
LaTeX Font Info:    ... okay on input line 196.
LaTeX Font Info:    Checking defaults for T1/cmr/m/n on input line 196.
LaTeX Font Info:    ... okay on input line 196.
LaTeX Font Info:    Checking defaults for TS1/cmr/m/n on input line 196.
LaTeX Font Info:    ... okay on input line 196.
LaTeX Font Info:    Checking defaults for TU/lmr/m/n on input line 196.
LaTeX Font Info:    ... okay on input line 196.
LaTeX Font Info:    Checking defaults for OMX/cmex/m/n on input line 196.
LaTeX Font Info:    ... okay on input line 196.
LaTeX Font Info:    Checking defaults for U/cmr/m/n on input line 196.
LaTeX Font Info:    ... okay on input line 196.
LaTeX Font Info:    Checking defaults for PD1/pdf/m/n on input line 196.
LaTeX Font Info:    ... okay on input line 196.
LaTeX Font Info:    Checking defaults for PU/pdf/m/n on input line 196.
LaTeX Font Info:    ... okay on input line 196.

Package fontspec Info: latinmodern-math scale = 1.115905527085792.


Package fontspec Info: latinmodern-math scale = 1.115905527085792.


Package fontspec Info: latinmodern-math scale = 1.115905527085792.


Package fontspec Info: Font family 'latinmodern-math.otf(0)' created for font
(fontspec)             'latinmodern-math.otf' with options
(fontspec)             [Scale=MatchLowercase,BoldItalicFont={},ItalicFont={},Sm
allCapsFont={},Script=Math,BoldFont={latinmodern-math.otf}].
(fontspec)              
(fontspec)              This font family consists of the following NFSS
(fontspec)             series/shapes:
(fontspec)              
(fontspec)             - 'normal' (m/n) with NFSS spec.:
(fontspec)             <->s*[1.115905527085792]"[latinmodern-math.otf]/OT:scrip
t=math;language=dflt;"
(fontspec)             - 'small caps'  (m/sc) with NFSS spec.: 
(fontspec)             - 'bold' (b/n) with NFSS spec.:
(fontspec)             <->s*[1.115905527085792]"[latinmodern-math.otf]/OT:scrip
t=math;language=dflt;"
(fontspec)             - 'bold small caps'  (b/sc) with NFSS spec.: 

LaTeX Font Info:    Font shape `TU/latinmodern-math.otf(0)/m/n' will be
(Font)              scaled to size 12.21916pt on input line 196.

Package fontspec Info: latinmodern-math scale = 1.115905527085792.


Package fontspec Info: latinmodern-math scale = 1.115905527085792.


Package fontspec Info: latinmodern-math scale = 1.115905527085792.


Package fontspec Info: latinmodern-math scale = 1.115905527085792.


Package fontspec Info: latinmodern-math scale = 1.115905527085792.


Package fontspec Info: Font family 'latinmodern-math.otf(1)' created for font
(fontspec)             'latinmodern-math.otf' with options
(fontspec)             [Scale=MatchLowercase,BoldItalicFont={},ItalicFont={},Sm
allCapsFont={},Script=Math,SizeFeatures={{Size=9.3075-},{Size=6.57-9.3075,Font=
latinmodern-math.otf,Style=MathScript},{Size=-6.57,Font=latinmodern-math.otf,St
yle=MathScriptScript}},BoldFont={latinmodern-math.otf}].
(fontspec)              
(fontspec)              This font family consists of the following NFSS
(fontspec)             series/shapes:
(fontspec)              
(fontspec)             - 'normal' (m/n) with NFSS spec.:
(fontspec)             <9.3075->s*[1.115905527085792]"[latinmodern-math.otf]/OT
:script=math;language=dflt;"<6.57-9.3075>s*[1.115905527085792]"[latinmodern-mat
h.otf]/OT:script=math;language=dflt;+ssty=0;"<-6.57>s*[1.115905527085792]"[lati
nmodern-math.otf]/OT:script=math;language=dflt;+ssty=1;"
(fontspec)             - 'small caps'  (m/sc) with NFSS spec.: 
(fontspec)             - 'bold' (b/n) with NFSS spec.:
(fontspec)             <->s*[1.115905527085792]"[latinmodern-math.otf]/OT:scrip
t=math;language=dflt;"
(fontspec)             - 'bold small caps'  (b/sc) with NFSS spec.: 

LaTeX Font Info:    Font shape `TU/latinmodern-math.otf(1)/m/n' will be
(Font)              scaled to size 12.21916pt on input line 196.
LaTeX Font Info:    Encoding `OT1' has changed to `TU' for symbol font
(Font)              `operators' in the math version `normal' on input line 196.

LaTeX Font Info:    Overwriting symbol font `operators' in version `normal'
(Font)                  OT1/lmr/m/n --> TU/latinmodern-math.otf(1)/m/n on input
 line 196.
LaTeX Font Info:    Encoding `OT1' has changed to `TU' for symbol font
(Font)              `operators' in the math version `bold' on input line 196.
LaTeX Font Info:    Overwriting symbol font `operators' in version `bold'
(Font)                  OT1/lmr/bx/n --> TU/latinmodern-math.otf(1)/b/n on inpu
t line 196.

Package fontspec Info: latinmodern-math scale = 1.115905527085792.


Package fontspec Info: latinmodern-math scale = 1.116017117638501.


Package fontspec Info: latinmodern-math scale = 1.115905527085792.


Package fontspec Info: latinmodern-math scale = 1.116017117638501.


Package fontspec Info: latinmodern-math scale = 1.115905527085792.


Package fontspec Info: latinmodern-math scale = 1.116017117638501.


Package fontspec Info: latinmodern-math scale = 1.115905527085792.


Package fontspec Info: latinmodern-math scale = 1.116017117638501.


Package fontspec Info: latinmodern-math scale = 1.115905527085792.


Package fontspec Info: latinmodern-math scale = 1.116017117638501.


Package fontspec Info: Font family 'latinmodern-math.otf(2)' created for font
(fontspec)             'latinmodern-math.otf' with options
(fontspec)             [Scale=MatchLowercase,BoldItalicFont={},ItalicFont={},Sm
allCapsFont={},Script=Math,SizeFeatures={{Size=9.3075-},{Size=6.57-9.3075,Font=
latinmodern-math.otf,Style=MathScript},{Size=-6.57,Font=latinmodern-math.otf,St
yle=MathScriptScript}},BoldFont={latinmodern-math.otf},ScaleAgain=1.0001,FontAd
justment={\fontdimen
(fontspec)             8\font =8.27237pt\relax \fontdimen 9\font
(fontspec)             =4.81435pt\relax \fontdimen 10\font =5.42531pt\relax
(fontspec)             \fontdimen 11\font =8.38234pt\relax \fontdimen 12\font
(fontspec)             =4.2156pt\relax \fontdimen 13\font =4.43556pt\relax
(fontspec)             \fontdimen 14\font =4.43556pt\relax \fontdimen 15\font
(fontspec)             =3.53134pt\relax \fontdimen 16\font =3.01813pt\relax
(fontspec)             \fontdimen 17\font =3.01813pt\relax \fontdimen 18\font
(fontspec)             =3.0548pt\relax \fontdimen 19\font =2.44383pt\relax
(fontspec)             \fontdimen 22\font =3.0548pt\relax \fontdimen 20\font
(fontspec)             =0pt\relax \fontdimen 21\font =0pt\relax }].
(fontspec)              
(fontspec)              This font family consists of the following NFSS
(fontspec)             series/shapes:
(fontspec)              
(fontspec)             - 'normal' (m/n) with NFSS spec.:
(fontspec)             <9.3075->s*[1.116017117638501]"[latinmodern-math.otf]/OT
:script=math;language=dflt;"<6.57-9.3075>s*[1.116017117638501]"[latinmodern-mat
h.otf]/OT:script=math;language=dflt;+ssty=0;"<-6.57>s*[1.116017117638501]"[lati
nmodern-math.otf]/OT:script=math;language=dflt;+ssty=1;"
(fontspec)             - 'small caps'  (m/sc) with NFSS spec.: 
(fontspec)             and font adjustment code:
(fontspec)             \fontdimen 8\font =8.27237pt\relax \fontdimen 9\font
(fontspec)             =4.81435pt\relax \fontdimen 10\font =5.42531pt\relax
(fontspec)             \fontdimen 11\font =8.38234pt\relax \fontdimen 12\font
(fontspec)             =4.2156pt\relax \fontdimen 13\font =4.43556pt\relax
(fontspec)             \fontdimen 14\font =4.43556pt\relax \fontdimen 15\font
(fontspec)             =3.53134pt\relax \fontdimen 16\font =3.01813pt\relax
(fontspec)             \fontdimen 17\font =3.01813pt\relax \fontdimen 18\font
(fontspec)             =3.0548pt\relax \fontdimen 19\font =2.44383pt\relax
(fontspec)             \fontdimen 22\font =3.0548pt\relax \fontdimen 20\font
(fontspec)             =0pt\relax \fontdimen 21\font =0pt\relax 
(fontspec)             - 'bold' (b/n) with NFSS spec.:
(fontspec)             <->s*[1.116017117638501]"[latinmodern-math.otf]/OT:scrip
t=math;language=dflt;"
(fontspec)             - 'bold small caps'  (b/sc) with NFSS spec.: 
(fontspec)             and font adjustment code:
(fontspec)             \fontdimen 8\font =8.27237pt\relax \fontdimen 9\font
(fontspec)             =4.81435pt\relax \fontdimen 10\font =5.42531pt\relax
(fontspec)             \fontdimen 11\font =8.38234pt\relax \fontdimen 12\font
(fontspec)             =4.2156pt\relax \fontdimen 13\font =4.43556pt\relax
(fontspec)             \fontdimen 14\font =4.43556pt\relax \fontdimen 15\font
(fontspec)             =3.53134pt\relax \fontdimen 16\font =3.01813pt\relax
(fontspec)             \fontdimen 17\font =3.01813pt\relax \fontdimen 18\font
(fontspec)             =3.0548pt\relax \fontdimen 19\font =2.44383pt\relax
(fontspec)             \fontdimen 22\font =3.0548pt\relax \fontdimen 20\font
(fontspec)             =0pt\relax \fontdimen 21\font =0pt\relax 

LaTeX Font Info:    Encoding `OMS' has changed to `TU' for symbol font
(Font)              `symbols' in the math version `normal' on input line 196.
LaTeX Font Info:    Overwriting symbol font `symbols' in version `normal'
(Font)                  OMS/lmsy/m/n --> TU/latinmodern-math.otf(2)/m/n on inpu
t line 196.
LaTeX Font Info:    Encoding `OMS' has changed to `TU' for symbol font
(Font)              `symbols' in the math version `bold' on input line 196.
LaTeX Font Info:    Overwriting symbol font `symbols' in version `bold'
(Font)                  OMS/lmsy/b/n --> TU/latinmodern-math.otf(2)/b/n on inpu
t line 196.

Package fontspec Info: latinmodern-math scale = 1.115905527085792.


Package fontspec Info: latinmodern-math scale = 1.115793936533083.


Package fontspec Info: latinmodern-math scale = 1.115905527085792.


Package fontspec Info: latinmodern-math scale = 1.115793936533083.


Package fontspec Info: latinmodern-math scale = 1.115905527085792.


Package fontspec Info: latinmodern-math scale = 1.115793936533083.


Package fontspec Info: latinmodern-math scale = 1.115905527085792.


Package fontspec Info: latinmodern-math scale = 1.115793936533083.


Package fontspec Info: latinmodern-math scale = 1.115905527085792.


Package fontspec Info: latinmodern-math scale = 1.115793936533083.


Package fontspec Info: Font family 'latinmodern-math.otf(3)' created for font
(fontspec)             'latinmodern-math.otf' with options
(fontspec)             [Scale=MatchLowercase,BoldItalicFont={},ItalicFont={},Sm
allCapsFont={},Script=Math,SizeFeatures={{Size=9.3075-},{Size=6.57-9.3075,Font=
latinmodern-math.otf,Style=MathScript},{Size=-6.57,Font=latinmodern-math.otf,St
yle=MathScriptScript}},BoldFont={latinmodern-math.otf},ScaleAgain=0.9999,FontAd
justment={\fontdimen
(fontspec)             8\font =0.48877pt\relax \fontdimen 9\font
(fontspec)             =2.44383pt\relax \fontdimen 10\font =2.0406pt\relax
(fontspec)             \fontdimen 11\font =1.35632pt\relax \fontdimen 12\font
(fontspec)             =7.3315pt\relax \fontdimen 13\font =0pt\relax }].
(fontspec)              
(fontspec)              This font family consists of the following NFSS
(fontspec)             series/shapes:
(fontspec)              
(fontspec)             - 'normal' (m/n) with NFSS spec.:
(fontspec)             <9.3075->s*[1.115793936533083]"[latinmodern-math.otf]/OT
:script=math;language=dflt;"<6.57-9.3075>s*[1.115793936533083]"[latinmodern-mat
h.otf]/OT:script=math;language=dflt;+ssty=0;"<-6.57>s*[1.115793936533083]"[lati
nmodern-math.otf]/OT:script=math;language=dflt;+ssty=1;"
(fontspec)             - 'small caps'  (m/sc) with NFSS spec.: 
(fontspec)             and font adjustment code:
(fontspec)             \fontdimen 8\font =0.48877pt\relax \fontdimen 9\font
(fontspec)             =2.44383pt\relax \fontdimen 10\font =2.0406pt\relax
(fontspec)             \fontdimen 11\font =1.35632pt\relax \fontdimen 12\font
(fontspec)             =7.3315pt\relax \fontdimen 13\font =0pt\relax 
(fontspec)             - 'bold' (b/n) with NFSS spec.:
(fontspec)             <->s*[1.115793936533083]"[latinmodern-math.otf]/OT:scrip
t=math;language=dflt;"
(fontspec)             - 'bold small caps'  (b/sc) with NFSS spec.: 
(fontspec)             and font adjustment code:
(fontspec)             \fontdimen 8\font =0.48877pt\relax \fontdimen 9\font
(fontspec)             =2.44383pt\relax \fontdimen 10\font =2.0406pt\relax
(fontspec)             \fontdimen 11\font =1.35632pt\relax \fontdimen 12\font
(fontspec)             =7.3315pt\relax \fontdimen 13\font =0pt\relax 

LaTeX Font Info:    Encoding `OMX' has changed to `TU' for symbol font
(Font)              `largesymbols' in the math version `normal' on input line 1
96.
LaTeX Font Info:    Overwriting symbol font `largesymbols' in version `normal'
(Font)                  OMX/lmex/m/n --> TU/latinmodern-math.otf(3)/m/n on inpu
t line 196.
LaTeX Font Info:    Encoding `OMX' has changed to `TU' for symbol font
(Font)              `largesymbols' in the math version `bold' on input line 196
.
LaTeX Font Info:    Overwriting symbol font `largesymbols' in version `bold'
(Font)                  OMX/lmex/m/n --> TU/latinmodern-math.otf(3)/b/n on inpu
t line 196.
LaTeX Info: Redefining \microtypecontext on input line 196.
Package microtype Info: Applying patch `item' on input line 196.
Package microtype Info: Applying patch `toc' on input line 196.
Package microtype Info: Applying patch `eqnum' on input line 196.
Package microtype Info: Applying patch `footnote' on input line 196.
Package microtype Info: Character protrusion enabled (level 2).
Package microtype Info: Using protrusion set `basicmath'.
Package microtype Info: No adjustment of tracking.
Package microtype Info: No adjustment of spacing.
Package microtype Info: No adjustment of kerning.
Package microtype Info: Loading generic protrusion settings for font family
(microtype)             `Charter' (encoding: TU).
(microtype)             For optimal results, create family-specific settings.
(microtype)             See the microtype manual for details.

*geometry* driver: auto-detecting
*geometry* detected driver: xetex
*geometry* verbose mode - [ preamble ] result:
* driver: xetex
* paper: a4paper
* layout: <same size as paper>
* layoutoffset:(h,v)=(0.0pt,0.0pt)
* modes: 
* h-part:(L,W,R)=(79.66771pt, 438.17245pt, 79.66771pt)
* v-part:(T,H,B)=(73.97716pt, 691.40198pt, 79.66771pt)
* \paperwidth=597.50787pt
* \paperheight=845.04684pt
* \textwidth=438.17245pt
* \textheight=691.40198pt
* \oddsidemargin=7.39772pt
* \evensidemargin=7.39772pt
* \topmargin=-35.9003pt
* \headheight=12.0pt
* \headsep=25.60747pt
* \topskip=11.0pt
* \footskip=36.98857pt
* \marginparwidth=50.0pt
* \marginparsep=10.0pt
* \columnsep=10.0pt
* \skip\footins=10.0pt plus 4.0pt minus 2.0pt
* \hoffset=0.0pt
* \voffset=0.0pt
* \mag=1000
* \@twocolumnfalse
* \@twosidefalse
* \@mparswitchfalse
* \@reversemarginfalse
* (1in=72.27pt=25.4mm, 1cm=28.453pt)

Package caption Info: Begin \AtBeginDocument code.
Package caption Info: hyperref package is loaded.
Package caption Info: longtable package is loaded.
(ltcaption.sty
Package: ltcaption 2021/01/08 v1.4c longtable captions (AR)
)
Package caption Info: End \AtBeginDocument code.
Package hyperref Info: Link coloring ON on input line 196.
 (nameref.sty
Package: nameref 2021-04-02 v2.47 Cross-referencing by name of section
 (refcount.sty
Package: refcount 2019/12/15 v3.6 Data extraction from label references (HO)
) (gettitlestring.sty
Package: gettitlestring 2019/12/15 v1.6 Cleanup title references (HO)
)
\c@section@level=\count347
)
LaTeX Info: Redefining \ref on input line 196.
LaTeX Info: Redefining \pageref on input line 196.
LaTeX Info: Redefining \nameref on input line 196.
LaTeX Font Info:    Font shape `TU/AvenirNext(0)/m/n' will be
(Font)              scaled to size 11.25308pt on input line 203.
Package microtype Info: Loading generic protrusion settings for font family
(microtype)             `AvenirNext' (encoding: TU).
(microtype)             For optimal results, create family-specific settings.
(microtype)             See the microtype manual for details.
LaTeX Font Info:    Font shape `TU/AvenirNext(0)/b/n' will be
(Font)              scaled to size 10.57523pt on input line 203.
LaTeX Font Info:    Font shape `TU/AvenirNext(0)/b/n' will be
(Font)              scaled to size 8.69197pt on input line 203.
LaTeX Font Info:    Font shape `TU/AvenirNext(0)/m/n' will be
(Font)              scaled to size 9.24911pt on input line 204.
LaTeX Font Info:    Font shape `TU/AvenirNext(0)/b/n' will be
(Font)              scaled to size 21.24704pt on input line 206.
LaTeX Font Info:    Font shape `TU/Charter(0)/m/it' will be
(Font)              scaled to size 10.95pt on input line 210.
LaTeX Font Info:    Font shape `TU/Charter(0)/m/it' will be
(Font)              scaled to size 12.5pt on input line 210.
LaTeX Font Info:    Font shape `TU/AvenirNext(0)/m/n' will be
(Font)              scaled to size 11.81831pt on input line 213.
LaTeX Font Info:    Font shape `TU/Menlo(0)/m/n' will be
(Font)              scaled to size 7.55997pt on input line 215.
LaTeX Font Info:    Font shape `TU/AvenirNext(0)/b/n' will be
(Font)              scaled to size 14.9695pt on input line 228.
LaTeX Font Info:    Font shape `TU/latinmodern-math.otf(1)/m/n' will be
(Font)              scaled to size 8.5534pt on input line 252.
LaTeX Font Info:    Font shape `TU/latinmodern-math.otf(1)/m/n' will be
(Font)              scaled to size 6.10959pt on input line 252.
LaTeX Font Info:    Trying to load font information for OML+lmm on input line 2
52.
 (omllmm.fd
File: omllmm.fd 2015/05/01 v1.6.1 Font defs for Latin Modern
)
LaTeX Font Info:    Font shape `TU/latinmodern-math.otf(2)/m/n' will be
(Font)              scaled to size 12.22032pt on input line 252.
LaTeX Font Info:    Font shape `TU/latinmodern-math.otf(2)/m/n' will be
(Font)              scaled to size 8.55421pt on input line 252.
LaTeX Font Info:    Font shape `TU/latinmodern-math.otf(2)/m/n' will be
(Font)              scaled to size 6.11017pt on input line 252.
LaTeX Font Info:    Font shape `TU/latinmodern-math.otf(3)/m/n' will be
(Font)              scaled to size 12.21799pt on input line 252.
LaTeX Font Info:    Font shape `TU/latinmodern-math.otf(3)/m/n' will be
(Font)              scaled to size 8.55258pt on input line 252.
LaTeX Font Info:    Font shape `TU/latinmodern-math.otf(3)/m/n' will be
(Font)              scaled to size 6.109pt on input line 252.
LaTeX Font Info:    Trying to load font information for U+msa on input line 252
.

(umsa.fd
File: umsa.fd 2013/01/14 v3.01 AMS symbols A
) (mt-msa.cfg
File: mt-msa.cfg 2006/02/04 v1.1 microtype config. file: AMS symbols (a) (RS)
)
LaTeX Font Info:    Trying to load font information for U+msb on input line 252
.
 (umsb.fd
File: umsb.fd 2013/01/14 v3.01 AMS symbols B
) (mt-msb.cfg
File: mt-msb.cfg 2005/06/01 v1.0 microtype config. file: AMS symbols (b) (RS)
)
LaTeX Font Info:    Font shape `TU/Charter(0)/m/n' will be
(Font)              scaled to size 7.665pt on input line 252.
 [1

] (AETHER_paper.toc
LaTeX Font Info:    Font shape `TU/AvenirNext(0)/b/n' will be
(Font)              scaled to size 9.65775pt on input line 1.
LaTeX Font Info:    Font shape `TU/AvenirNext(0)/m/n' will be
(Font)              scaled to size 10.2768pt on input line 1.
)
\tf@toc=\write4
\openout4 = `AETHER_paper.toc'.

LaTeX Font Info:    Font shape `TU/AvenirNext(0)/m/n' will be
(Font)              scaled to size 8.22144pt on input line 263.
 [2]
File: /Users/akj/Projects/aether/reports/final/../figures/infographics/01_burn_
vs_bake_mechanism.pdf Graphic file (type pdf)
<use /Users/akj/Projects/aether/reports/final/../figures/infographics/01_burn_v
s_bake_mechanism.pdf>
LaTeX Font Info:    Font shape `TU/Menlo(0)/m/n' will be
(Font)              scaled to size 9.19795pt on input line 352.

[3

]
LaTeX Font Info:    Font shape `TU/AvenirNext(0)/b/n' will be
(Font)              scaled to size 11.5893pt on input line 363.
 [4]
LaTeX Font Info:    Font shape `TU/STIXTwoMath(0)/m/n' will be
(Font)              scaled to size 11.13411pt on input line 376.
 [5]
LaTeX Font Info:    Font shape `TU/Charter(0)/b/n' will be
(Font)              scaled to size 10.95pt on input line 496.
 [6]
LaTeX Font Info:    Font shape `TU/Charter(0)/m/n' will be
(Font)              scaled to size 10.0pt on input line 541.
LaTeX Font Info:    Font shape `TU/latinmodern-math.otf(1)/m/n' will be
(Font)              scaled to size 11.15906pt on input line 542.
LaTeX Font Info:    Font shape `TU/latinmodern-math.otf(1)/m/n' will be
(Font)              scaled to size 7.81134pt on input line 542.
LaTeX Font Info:    Font shape `TU/latinmodern-math.otf(1)/m/n' will be
(Font)              scaled to size 5.57953pt on input line 542.
LaTeX Font Info:    Font shape `TU/latinmodern-math.otf(2)/m/n' will be
(Font)              scaled to size 11.16013pt on input line 542.
LaTeX Font Info:    Font shape `TU/latinmodern-math.otf(2)/m/n' will be
(Font)              scaled to size 7.81209pt on input line 542.
LaTeX Font Info:    Font shape `TU/latinmodern-math.otf(2)/m/n' will be
(Font)              scaled to size 5.58006pt on input line 542.
LaTeX Font Info:    Font shape `TU/latinmodern-math.otf(3)/m/n' will be
(Font)              scaled to size 11.15799pt on input line 542.
LaTeX Font Info:    Font shape `TU/latinmodern-math.otf(3)/m/n' will be
(Font)              scaled to size 7.8106pt on input line 542.
LaTeX Font Info:    Font shape `TU/latinmodern-math.otf(3)/m/n' will be
(Font)              scaled to size 5.579pt on input line 542.
LaTeX Font Info:    Font shape `TU/AvenirNext(0)/b/n' will be
(Font)              scaled to size 8.20908pt on input line 544.

Overfull \hbox (3.24763pt too wide) in paragraph at lines 544--544
[]|\TU/AvenirNext(0)/b/n/8.5 Hypothesis|  
 []

LaTeX Font Info:    Font shape `TU/Menlo(0)/m/n' will be
(Font)              scaled to size 8.39996pt on input line 547.
[7]
File: /Users/akj/Projects/aether/reports/final/../figures/infographics/02_pipel
ine_validation.pdf Graphic file (type pdf)
<use /Users/akj/Projects/aether/reports/final/../figures/infographics/02_pipeli
ne_validation.pdf>
 [8]
LaTeX Font Info:    Font shape `TU/AvenirNextMedium(0)/m/n' will be
(Font)              scaled to size 11.11072pt on input line 644.
LaTeX Font Info:    Font shape `TU/AvenirNextMedium(0)/m/n' will be
(Font)              scaled to size 10.65413pt on input line 644.
 [9] [10]
LaTeX Font Info:    Font shape `TU/STIXTwoMath(0)/m/n' will be
(Font)              scaled to size 10.16815pt on input line 771.

Overfull \hbox (1.89278pt too wide) in paragraph at lines 778--778
\TU/Charter(0)/m/n/10 GEO2|  
 []

[11] [12] [13]
LaTeX Font Info:    Calculating math sizes for size <8.5> on input line 900.
LaTeX Font Info:    Font shape `TU/latinmodern-math.otf(1)/m/n' will be
(Font)              scaled to size 9.4852pt on input line 900.
LaTeX Font Info:    Font shape `TU/latinmodern-math.otf(1)/m/n' will be
(Font)              scaled to size 6.63959pt on input line 900.
LaTeX Font Info:    Font shape `TU/latinmodern-math.otf(1)/m/n' will be
(Font)              scaled to size 4.7426pt on input line 900.
LaTeX Font Info:    Font shape `TU/latinmodern-math.otf(2)/m/n' will be
(Font)              scaled to size 9.4861pt on input line 900.
LaTeX Font Info:    Font shape `TU/latinmodern-math.otf(2)/m/n' will be
(Font)              scaled to size 6.64023pt on input line 900.
LaTeX Font Info:    Font shape `TU/latinmodern-math.otf(2)/m/n' will be
(Font)              scaled to size 4.74304pt on input line 900.
LaTeX Font Info:    Font shape `TU/latinmodern-math.otf(3)/m/n' will be
(Font)              scaled to size 9.48428pt on input line 900.
LaTeX Font Info:    Font shape `TU/latinmodern-math.otf(3)/m/n' will be
(Font)              scaled to size 6.63896pt on input line 900.
LaTeX Font Info:    Font shape `TU/latinmodern-math.otf(3)/m/n' will be
(Font)              scaled to size 4.74214pt on input line 900.
LaTeX Font Info:    Font shape `TU/AvenirNext(0)/b/n' will be
(Font)              scaled to size 5.74632pt on input line 900.
LaTeX Font Info:    Font shape `TU/Charter(0)/m/n' will be
(Font)              scaled to size 7.0pt on input line 902.
File: /Users/akj/Projects/aether/reports/final/../figures/M1_anticorrelation.pd
f Graphic file (type pdf)
<use /Users/akj/Projects/aether/reports/final/../figures/M1_anticorrelation.pdf
>
LaTeX Font Info:    Font shape `TU/latinmodern-math.otf(1)/m/n' will be
(Font)              scaled to size 10.04315pt on input line 929.
LaTeX Font Info:    Font shape `TU/latinmodern-math.otf(1)/m/n' will be
(Font)              scaled to size 6.69543pt on input line 929.
LaTeX Font Info:    Font shape `TU/latinmodern-math.otf(2)/m/n' will be
(Font)              scaled to size 10.04411pt on input line 929.
LaTeX Font Info:    Font shape `TU/latinmodern-math.otf(2)/m/n' will be
(Font)              scaled to size 6.69608pt on input line 929.
LaTeX Font Info:    Font shape `TU/latinmodern-math.otf(3)/m/n' will be
(Font)              scaled to size 10.04219pt on input line 929.
LaTeX Font Info:    Font shape `TU/latinmodern-math.otf(3)/m/n' will be
(Font)              scaled to size 6.6948pt on input line 929.
LaTeX Font Info:    Font shape `TU/AvenirNext(0)/m/n' will be
(Font)              scaled to size 6.16608pt on input line 929.
File: /Users/akj/Projects/aether/reports/final/../figures/M1_mechanism.pdf Grap
hic file (type pdf)
<use /Users/akj/Projects/aether/reports/final/../figures/M1_mechanism.pdf>
File: /Users/akj/Projects/aether/reports/final/../figures/M1b_feasible_region.p
df Graphic file (type pdf)
<use /Users/akj/Projects/aether/reports/final/../figures/M1b_feasible_region.pd
f>
 [14] [15] [16]
LaTeX Font Info:    Font shape `TU/Charter(0)/m/n' will be
(Font)              scaled to size 9.0pt on input line 1041.

Overfull \hbox (2.45885pt too wide) in paragraph at lines 1044--1044
[]|\TU/AvenirNext(0)/b/n/8.5 Mach|  
 []


Overfull \hbox (3.2939pt too wide) in paragraph at lines 1044--1044
[]|\TU/AvenirNext(0)/b/n/8.5 observed 
 []


Overfull \hbox (7.4324pt too wide) in paragraph at lines 1044--1044
[]|\TU/AvenirNext(0)/b/n/8.5 GCI_fine|  
 []


Overfull \hbox (4.78653pt too wide) in paragraph at lines 1046--1046
[]|\TU/Charter(0)/m/n/9 0.098%|  
 []


Overfull \hbox (4.78653pt too wide) in paragraph at lines 1047--1047
[]|\TU/Charter(0)/m/n/9 0.187%|  
 []

[17]
File: /Users/akj/Projects/aether/reports/final/../figures/cfd/M2_sphere_M6_fine
_fourpanel.pdf Graphic file (type pdf)
<use /Users/akj/Projects/aether/reports/final/../figures/cfd/M2_sphere_M6_fine_
fourpanel.pdf>
File: /Users/akj/Projects/aether/reports/final/../figures/cfd/M2_sphere_M6_mesh
_levels.pdf Graphic file (type pdf)
<use /Users/akj/Projects/aether/reports/final/../figures/cfd/M2_sphere_M6_mesh_
levels.pdf>
File: /Users/akj/Projects/aether/reports/final/../figures/cfd/M2_sphere_stagnat
ion_line_profiles.pdf Graphic file (type pdf)
<use /Users/akj/Projects/aether/reports/final/../figures/cfd/M2_sphere_stagnati
on_line_profiles.pdf>
File: /Users/akj/Projects/aether/reports/final/../figures/M2_mesh_convergence.p
df Graphic file (type pdf)
<use /Users/akj/Projects/aether/reports/final/../figures/M2_mesh_convergence.pd
f>
File: /Users/akj/Projects/aether/reports/final/../figures/cfd/M3_design_point_g
rid_mach.pdf Graphic file (type pdf)
<use /Users/akj/Projects/aether/reports/final/../figures/cfd/M3_design_point_gr
id_mach.pdf>
 [18] [19]
File: /Users/akj/Projects/aether/reports/final/../figures/M3_constant_vs_surfac
e.pdf Graphic file (type pdf)
<use /Users/akj/Projects/aether/reports/final/../figures/M3_constant_vs_surface
.pdf>
 [20] [21]
File: /Users/akj/Projects/aether/reports/final/../figures/M4_doe_sobol.pdf Grap
hic file (type pdf)
<use /Users/akj/Projects/aether/reports/final/../figures/M4_doe_sobol.pdf>

Overfull \hbox (5.20505pt too wide) in paragraph at lines 1374--1374
[]|\TU/AvenirNext(0)/b/n/8.5 Diameter 
 []


Overfull \hbox (3.6034pt too wide) in paragraph at lines 1374--1375
[]|\TU/AvenirNext(0)/b/n/8.5 Feasible|  
 []

LaTeX Font Info:    Font shape `TU/Charter(0)/m/n' will be
(Font)              scaled to size 6.0pt on input line 1376.

Overfull \hbox (0.69331pt too wide) in paragraph at lines 1376--1376
[]|\TU/Charter(0)/m/n/9 1.868×10$[]$|  
 []


Overfull \hbox (0.69331pt too wide) in paragraph at lines 1376--1376
[]|\TU/Charter(0)/m/n/9 1.306×10$[]$|  
 []


Overfull \hbox (2.32797pt too wide) in paragraph at lines 1376--1376
[]|\TU/Charter(0)/m/n/9 12.25|  
 []


Overfull \hbox (0.69331pt too wide) in paragraph at lines 1377--1377
[]|\TU/Charter(0)/m/n/9 2.295×10$[]$|  
 []


Overfull \hbox (0.69331pt too wide) in paragraph at lines 1377--1377
[]|\TU/Charter(0)/m/n/9 1.975×10$[]$|  
 []


Overfull \hbox (0.69331pt too wide) in paragraph at lines 1378--1378
[]|\TU/Charter(0)/m/n/9 2.510×10$[]$|  
 []


Overfull \hbox (0.69331pt too wide) in paragraph at lines 1378--1378
[]|\TU/Charter(0)/m/n/9 1.781×10$[]$|  
 []


Overfull \hbox (2.32797pt too wide) in paragraph at lines 1378--1378
[]|\TU/Charter(0)/m/n/9 10.35|  
 []


Overfull \hbox (0.69331pt too wide) in paragraph at lines 1379--1379
[]|\TU/Charter(0)/m/n/9 2.783×10$[]$|  
 []


Overfull \hbox (0.69331pt too wide) in paragraph at lines 1379--1379
[]|\TU/Charter(0)/m/n/9 1.621×10$[]$|  
 []


Overfull \hbox (2.32797pt too wide) in paragraph at lines 1379--1379
[]|\TU/Charter(0)/m/n/9 11.98|  
 []

[22] [23] [24]
File: /Users/akj/Projects/aether/reports/final/../figures/M4_pareto_front.pdf G
raphic file (type pdf)
<use /Users/akj/Projects/aether/reports/final/../figures/M4_pareto_front.pdf>
 [25]
File: /Users/akj/Projects/aether/reports/final/../figures/infographics/03_paret
o_front_fences.pdf Graphic file (type pdf)
<use /Users/akj/Projects/aether/reports/final/../figures/infographics/03_pareto
_front_fences.pdf>
 [26] [27]
File: /Users/akj/Projects/aether/reports/final/../figures/M5_hypervolume.pdf Gr
aphic file (type pdf)
<use /Users/akj/Projects/aether/reports/final/../figures/M5_hypervolume.pdf>
 [28] [29]
File: /Users/akj/Projects/aether/reports/final/../figures/M6_cfd_spend_map.pdf 
Graphic file (type pdf)
<use /Users/akj/Projects/aether/reports/final/../figures/M6_cfd_spend_map.pdf>
 [30]
File: /Users/akj/Projects/aether/reports/final/../figures/infographics/05_uncer
tainty_sources.pdf Graphic file (type pdf)
<use /Users/akj/Projects/aether/reports/final/../figures/infographics/05_uncert
ainty_sources.pdf>
 [31]
File: /Users/akj/Projects/aether/reports/final/../figures/M7_pbox.pdf Graphic f
ile (type pdf)
<use /Users/akj/Projects/aether/reports/final/../figures/M7_pbox.pdf>
 [32]
File: /Users/akj/Projects/aether/reports/final/../figures/M7_attribution.pdf Gr
aphic file (type pdf)
<use /Users/akj/Projects/aether/reports/final/../figures/M7_attribution.pdf>
 [33]
File: /Users/akj/Projects/aether/reports/final/../figures/M7_robust_vs_nominal.
pdf Graphic file (type pdf)
<use /Users/akj/Projects/aether/reports/final/../figures/M7_robust_vs_nominal.p
df>
 [34] [35] [36]
[37] [38]
File: /Users/akj/Projects/aether/reports/final/../figures/infographics/06_negat
ive_results_timeline.pdf Graphic file (type pdf)
<use /Users/akj/Projects/aether/reports/final/../figures/infographics/06_negati
ve_results_timeline.pdf>
 [39] [40]
File: /Users/akj/Projects/aether/reports/final/../figures/TPI_weighting_and_pro
file.pdf Graphic file (type pdf)
<use /Users/akj/Projects/aether/reports/final/../figures/TPI_weighting_and_prof
ile.pdf>

Underfull \hbox (badness 1024) in paragraph at lines 2307--2307
[][]\TU/AvenirNext(0)/b/n/9 Figure 22[][]. []|\TU/AvenirNext(0)/m/n/9 Depth wei
ghtings and normalised time-integrated temperature-exceedance profiles for
 []


Underfull \hbox (badness 2126) in paragraph at lines 2307--2307
\TU/AvenirNext(0)/m/n/9 the 140 grid designs, reference configuration T_ref = 4
00 K, insulator depth 15 mm, run \TU/Menlo(0)/m/n/9 TPI-
 []

[41] [42]
File: /Users/akj/Projects/aether/reports/final/../figures/infographics/07_gate_
G4_history.pdf Graphic file (type pdf)
<use /Users/akj/Projects/aether/reports/final/../figures/infographics/07_gate_G
4_history.pdf>
 [43] [44]
File: /Users/akj/Projects/aether/reports/final/../figures/infographics/04_hypot
hesis_scorecard.pdf Graphic file (type pdf)
<use /Users/akj/Projects/aether/reports/final/../figures/infographics/04_hypoth
esis_scorecard.pdf>

Underfull \hbox (badness 6078) in paragraph at lines 2507--2507
[][]\TU/AvenirNext(0)/b/n/9 Figure 24[][]. []|\TU/AvenirNext(0)/m/n/9 Hypothesi
s scorecard: H0 supported in the tested domain; H1 supported nar-
 []


Underfull \hbox (badness 4543) in paragraph at lines 2507--2507
\TU/AvenirNext(0)/m/n/9 rowly; H2 not supported; the optimiser comparison of §1
1 mixed. Explanatory figure; the
 []


Underfull \hbox (badness 3302) in paragraph at lines 2507--2507
\TU/AvenirNext(0)/m/n/9 caveat text paraphrases §4 of this paper and every nume
ral is read from a file: \TU/Menlo(0)/m/n/9 results/M1/
 []


Underfull \hbox (badness 4132) in paragraph at lines 2507--2507
\TU/Menlo(0)/m/n/9 M1-20260902T130547Z/candidates.csv\TU/AvenirNext(0)/m/n/9 , 
\TU/Menlo(0)/m/n/9 results/M4/M4-OPT-20260920T205252Z/summary.json\TU/AvenirNex
t(0)/m/n/9 , \TU/Menlo(0)/m/n/9 results/M7/
 []

[45] [46] [47]
Underfull \hbox (badness 1675) in paragraph at lines 2658--2662
\TU/Charter(0)/m/n/10.95 Eggers Analytical Ballistic Entry Trajectory Solution”
, \TU/Charter(0)/m/it/10.95 JGCD \TU/Charter(0)/m/n/10.95 38(3), 2015. DOI
 []


Overfull \hbox (2.85313pt too wide) in paragraph at lines 2700--2705
\TU/Charter(0)/m/n/10.95 Mars 2020 Backshell Pressure Measurements”, \TU/Charte
r(0)/m/it/10.95 JSR \TU/Charter(0)/m/n/10.95 60(6), 2023. DOI 10.2514/1.A35774.

 []


Underfull \hbox (badness 6658) in paragraph at lines 2705--2711
\TU/Charter(0)/m/n/10.95 (Pathfinder); NTRS 20120011936, 20090024218 (MSL); NTR
S 20160000307
 []

[48] [49]
File: /Users/akj/Projects/aether/reports/final/../figures/cfd/M2_sphere_cp_mesh
es.pdf Graphic file (type pdf)
<use /Users/akj/Projects/aether/reports/final/../figures/cfd/M2_sphere_cp_meshe
s.pdf>
File: /Users/akj/Projects/aether/reports/final/../figures/cfd/M2_demo_capsule_M
6_fields.pdf Graphic file (type pdf)
<use /Users/akj/Projects/aether/reports/final/../figures/cfd/M2_demo_capsule_M6
_fields.pdf>
File: /Users/akj/Projects/aether/reports/final/../figures/cfd/M3_design_point_c
p.pdf Graphic file (type pdf)
<use /Users/akj/Projects/aether/reports/final/../figures/cfd/M3_design_point_cp
.pdf>
File: /Users/akj/Projects/aether/reports/final/../figures/cfd/M3_mach27_dp062_s
tartup_failure.pdf Graphic file (type pdf)
<use /Users/akj/Projects/aether/reports/final/../figures/cfd/M3_mach27_dp062_st
artup_failure.pdf>
File: /Users/akj/Projects/aether/reports/final/../figures/cfd/M2_sphere_M3_fine
_fourpanel.pdf Graphic file (type pdf)
<use /Users/akj/Projects/aether/reports/final/../figures/cfd/M2_sphere_M3_fine_
fourpanel.pdf>
File: /Users/akj/Projects/aether/reports/final/../figures/cfd/M2_sphere_M3_limi
t_cycle_field.pdf Graphic file (type pdf)
<use /Users/akj/Projects/aether/reports/final/../figures/cfd/M2_sphere_M3_limit
_cycle_field.pdf>
File: /Users/akj/Projects/aether/reports/final/../figures/cfd/M2_sphere_M6_limi
t_cycle_field.pdf Graphic file (type pdf)
<use /Users/akj/Projects/aether/reports/final/../figures/cfd/M2_sphere_M6_limit
_cycle_field.pdf>
File: /Users/akj/Projects/aether/reports/final/../figures/cfd/M6_adaptive_promo
tions_mach.pdf Graphic file (type pdf)
<use /Users/akj/Projects/aether/reports/final/../figures/cfd/M6_adaptive_promot
ions_mach.pdf>
LaTeX Font Info:    Font shape `TU/STIXTwoMath(0)/m/n' will be
(Font)              scaled to size 9.15134pt on input line 3022.
 [50

] [51] [52] [53] [54] [55] [56] (AETHER_paper.aux) )
Output written on AETHER_paper.xdv (56 pages, 1368216 bytes).
